<?xml version="1.0" encoding="UTF-8" ?>
<testsuite errors="1" failures="0" hostname="wpa150008.wireless.mcgill.ca" name="test.Database.PlayerScore" tests="1" time="0.0" timestamp="2014-12-01T22:34:41">
  <properties>
    <property name="java.vendor" value="Apple Inc." />
    <property name="ant.file.bomberman" value="/Users/danielmacario/Desktop/ECSE 321/bomberman/bomberman.xml" />
    <property name="sun.java.launcher" value="SUN_STANDARD" />
    <property name="sun.management.compiler" value="HotSpot 64-Bit Tiered Compilers" />
    <property name="dist" value="/Users/danielmacario/Desktop/ECSE 321/bomberman/dist" />
    <property name="lib" value="/Users/danielmacario/Desktop/ECSE 321/bomberman/lib" />
    <property name="os.name" value="Mac OS X" />
    <property name="sun.boot.class.path" value="/System/Library/Java/JavaVirtualMachines/1.6.0.jdk/Contents/Classes/jsfd.jar:/System/Library/Java/JavaVirtualMachines/1.6.0.jdk/Contents/Classes/classes.jar:/System/Library/Frameworks/JavaVM.framework/Frameworks/JavaRuntimeSupport.framework/Resources/Java/JavaRuntimeSupport.jar:/System/Library/Java/JavaVirtualMachines/1.6.0.jdk/Contents/Classes/ui.jar:/System/Library/Java/JavaVirtualMachines/1.6.0.jdk/Contents/Classes/laf.jar:/System/Library/Java/JavaVirtualMachines/1.6.0.jdk/Contents/Classes/sunrsasign.jar:/System/Library/Java/JavaVirtualMachines/1.6.0.jdk/Contents/Classes/jsse.jar:/System/Library/Java/JavaVirtualMachines/1.6.0.jdk/Contents/Classes/jce.jar:/System/Library/Java/JavaVirtualMachines/1.6.0.jdk/Contents/Classes/charsets.jar" />
    <property name="java.vm.specification.vendor" value="Sun Microsystems Inc." />
    <property name="ant.home" value="/Applications/IntelliJ IDEA 13.app/lib/ant" />
    <property name="java.runtime.version" value="1.6.0_65-b14-466.1-11M4716" />
    <property name="user.name" value="danielmacario" />
    <property name="awt.nativeDoubleBuffering" value="true" />
    <property name="ant.file.type.bomberman" value="file" />
    <property name="user.language" value="en" />
    <property name="testresults" value="test-results" />
    <property name="build" value="/Users/danielmacario/Desktop/ECSE 321/bomberman/bin" />
    <property name="sun.boot.library.path" value="/System/Library/Java/JavaVirtualMachines/1.6.0.jdk/Contents/Libraries" />
    <property name="ant.project.default-target" value="compile" />
    <property name="ant.project.name" value="bomberman" />
    <property name="java.version" value="1.6.0_65" />
    <property name="user.timezone" value="" />
    <property name="sun.arch.data.model" value="64" />
    <property name="http.nonProxyHosts" value="local|*.local|169.254/16|*.169.254/16" />
    <property name="java.endorsed.dirs" value="/System/Library/Java/JavaVirtualMachines/1.6.0.jdk/Contents/Home/lib/endorsed" />
    <property name="doc" value="/Users/danielmacario/Desktop/ECSE 321/bomberman/doc" />
    <property name="sun.cpu.isalist" value="" />
    <property name="sun.jnu.encoding" value="MacRoman" />
    <property name="file.encoding.pkg" value="sun.io" />
    <property name="file.separator" value="/" />
    <property name="java.specification.name" value="Java Platform API Specification" />
    <property name="java.class.version" value="50.0" />
    <property name="src" value="/Users/danielmacario/Desktop/ECSE 321/bomberman/src" />
    <property name="user.country" value="US" />
    <property name="java.home" value="/System/Library/Java/JavaVirtualMachines/1.6.0.jdk/Contents/Home" />
    <property name="java.vm.info" value="mixed mode" />
    <property name="ant.file" value="/Users/danielmacario/Desktop/ECSE 321/bomberman/bomberman.xml" />
    <property name="os.version" value="10.10" />
    <property name="res" value="/Users/danielmacario/Desktop/ECSE 321/bomberman/src/res" />
    <property name="path.separator" value=":" />
    <property name="java.vm.version" value="20.65-b04-466.1" />
    <property name="ant.library.dir" value="/Applications/IntelliJ IDEA 13.app/lib/ant/lib" />
    <property name="java.awt.printerjob" value="apple.awt.CPrinterJob" />
    <property name="sun.io.unicode.encoding" value="UnicodeLittle" />
    <property name="awt.toolkit" value="apple.awt.CToolkit" />
    <property name="socksNonProxyHosts" value="local|*.local|169.254/16|*.169.254/16" />
    <property name="ftp.nonProxyHosts" value="local|*.local|169.254/16|*.169.254/16" />
    <property name="user.home" value="/Users/danielmacario" />
    <property name="java.specification.vendor" value="Sun Microsystems Inc." />
    <property name="test" value="/Users/danielmacario/Desktop/ECSE 321/bomberman/test" />
    <property name="java.library.path" value=".:/Library/Java/Extensions:/System/Library/Java/Extensions:/usr/lib/java" />
    <property name="java.vendor.url" value="http://www.apple.com/" />
    <property name="java.vm.vendor" value="Apple Inc." />
    <property name="gopherProxySet" value="false" />
    <property name="java.runtime.name" value="Java(TM) SE Runtime Environment" />
    <property name="sun.java.command" value="org.apache.tools.ant.taskdefs.optional.junit.JUnitTestRunner test.Database.PlayerScore filtertrace=true haltOnError=false haltOnFailure=true formatter=org.apache.tools.ant.taskdefs.optional.junit.SummaryJUnitResultFormatter showoutput=false outputtoformatters=true logfailedtests=true logtestlistenerevents=false formatter=org.apache.tools.ant.taskdefs.optional.junit.XMLJUnitResultFormatter,/Users/danielmacario/Desktop/ECSE 321/bomberman/test-results.xml crashfile=/Users/danielmacario/Desktop/ECSE 321/bomberman/junitvmwatcher1125755627781544477.properties propsfile=/Users/danielmacario/Desktop/ECSE 321/bomberman/junit820477447940918915.properties" />
    <property name="java.class.path" value="/Users/danielmacario/Desktop/ECSE 321/bomberman/lib/junit-4.11.jar:/Users/danielmacario/Desktop/ECSE 321/bomberman/bin:/Users/danielmacario/Desktop/ECSE 321/bomberman/bin/src/Database/*class*:/Users/danielmacario/Desktop/ECSE 321/bomberman/bin/src/GameObject/*class*:/Users/danielmacario/Desktop/ECSE 321/bomberman/bin/src/GameObject/ArtificialIntelligence/*class*:/Users/danielmacario/Desktop/ECSE 321/bomberman/bin/src/Menu/*class*:/Users/danielmacario/Desktop/ECSE 321/bomberman/bin/src/SystemController/*class*:/Applications/IntelliJ IDEA 13.app/lib/ant/lib/ant-launcher.jar:/Applications/IntelliJ IDEA 13.app/lib/ant/lib/ant.jar:/Applications/IntelliJ IDEA 13.app/lib/ant/lib/ant-junit.jar" />
    <property name="ant.version" value="Apache Ant(TM) version 1.8.2 compiled on December 20 2010" />
    <property name="java.vm.specification.name" value="Java Virtual Machine Specification" />
    <property name="ant.file.type" value="file" />
    <property name="java.vm.specification.version" value="1.0" />
    <property name="sun.cpu.endian" value="little" />
    <property name="sun.os.patch.level" value="unknown" />
    <property name="java.io.tmpdir" value="/var/folders/ly/01kmsxp57mx_hrpmb9mmcl5r0000gn/T/" />
    <property name="java.vendor.url.bug" value="http://bugreport.apple.com/" />
    <property name="mrj.build" value="11M4716" />
    <property name="os.arch" value="x86_64" />
    <property name="java.awt.graphicsenv" value="apple.awt.CGraphicsEnvironment" />
    <property name="java.ext.dirs" value="/Library/Java/Extensions:/System/Library/Java/Extensions:/System/Library/Java/JavaVirtualMachines/1.6.0.jdk/Contents/Home/lib/ext" />
    <property name="mrj.version" value="1070.1.6.0_65-466.1" />
    <property name="user.dir" value="/Users/danielmacario/Desktop/ECSE 321/bomberman/test-results" />
    <property name="line.separator" value="&#xa;" />
    <property name="java.vm.name" value="Java HotSpot(TM) 64-Bit Server VM" />
    <property name="basedir" value="/Users/danielmacario/Desktop/ECSE 321/bomberman" />
    <property name="ant.java.version" value="1.6" />
    <property name="ant.core.lib" value="/Applications/IntelliJ IDEA 13.app/lib/ant/lib/ant.jar" />
    <property name="file.encoding" value="MacRoman" />
    <property name="java.specification.version" value="1.6" />
    <property name="ant.project.invoked-targets" value="test" />
  </properties>
  <error message="test.Database.PlayerScore" type="java.lang.ClassNotFoundException">java.lang.ClassNotFoundException: test.Database.PlayerScore
	at java.net.URLClassLoader$1.run(URLClassLoader.java:202)
	at java.security.AccessController.doPrivileged(Native Method)
	at java.net.URLClassLoader.findClass(URLClassLoader.java:190)
	at java.lang.ClassLoader.loadClass(ClassLoader.java:306)
	at sun.misc.Launcher$AppClassLoader.loadClass(Launcher.java:301)
	at java.lang.ClassLoader.loadClass(ClassLoader.java:247)
	at java.lang.Class.forName0(Native Method)
	at java.lang.Class.forName(Class.java:171)
</error>
  <system-out><![CDATA[]]></system-out>
  <system-err><![CDATA[]]></system-err>
</testsuite>
